<?xml version="1.0" encoding="UTF-8"?>
<testsuites name="jest tests" tests="1" failures="0" errors="0" time="0.621">
  <testsuite name="undefined" errors="0" failures="0" skipped="0" timestamp="2024-02-23T19:41:09" time="0.356" tests="1">
    <testcase classname=" renders learn react link" name=" renders learn react link" time="0.02">
    </testcase>
  </testsuite>
</testsuites>